Proceso 1: 375 archivos asignados
Proceso 2: 375 archivos asignados
Proceso 3: 375 archivos asignados
Proceso 4: 375 archivos asignados
Proceso 5: 375 archivos asignados
Proceso 6: 375 archivos asignados
Proceso 7: 375 archivos asignados
Proceso 0: 375 archivos asignados

===== RESULTADOS MPI v1 =====

Procesos utilizados: 8
Archivos procesados: 3000
Total de tokens leidos: 44951458
Total de ocurrencias encontradas: 3631778

Tiempos por proceso:
Proceso 0: 375 archivos | 2.620845 s
Proceso 1: 375 archivos | 2.609158 s
Proceso 2: 375 archivos | 2.998004 s
Proceso 3: 375 archivos | 2.750945 s
Proceso 4: 375 archivos | 2.912535 s
Proceso 5: 375 archivos | 2.935231 s
Proceso 6: 375 archivos | 2.710791 s
Proceso 7: 375 archivos | 2.923444 s

Load balance: t_min=2.609158 s | t_max=2.998004 s | t_avg=2.807619 s | imbalance=12.97%

Tiempo total MPI v1: 2.998457 s

Top 10 palabras:
  a: 785774
  para: 392156
  sus: 228913
  otros: 105530
  ante: 99832
  unos: 88794
  otra: 83901
  vosotros: 61617
  mios: 58420
  tuya: 56635

EXECUTION_TIME=2.998457
