
===== RESULTADOS MPI v2 (dynamic master-worker) =====

Procesos utilizados: 4
Tamano de chunk: 25 archivos
Archivos procesados: 3000 de 3000
Total de tokens leidos: 44951458
Total de ocurrencias encontradas: 3631778

Tiempos por proceso:
  Proceso 0 (master): 1300 archivos | 7.290412 s
  Proceso 1 (worker): 575 archivos | 7.400275 s
  Proceso 2 (worker): 575 archivos | 7.436233 s
  Proceso 3 (worker): 550 archivos | 7.301067 s

Load balance: t_min=7.290412 s | t_max=7.436233 s | t_avg=7.356997 s | imbalance=1.96%

Tiempo total MPI v2: 7.425863 s

Top 10 palabras:
  a: 785774
  para: 392156
  sus: 228913
  otros: 105530
  ante: 99832
  unos: 88794
  otra: 83901
  vosotros: 61617
  mios: 58420
  tuya: 56635

EXECUTION_TIME=7.425863
