
===== RESULTADOS MPI v2 (dynamic master-worker) =====

Procesos utilizados: 2
Tamano de chunk: 25 archivos
Archivos procesados: 3000 de 3000
Total de tokens leidos: 44951458
Total de ocurrencias encontradas: 3631778

Tiempos por proceso:
  Proceso 0 (master): 2175 archivos | 10.963017 s
  Proceso 1 (worker): 825 archivos | 10.972827 s

Load balance: t_min=10.963017 s | t_max=10.972827 s | t_avg=10.967922 s | imbalance=0.09%

Tiempo total MPI v2: 10.963288 s

Top 10 palabras:
  a: 785774
  para: 392156
  sus: 228913
  otros: 105530
  ante: 99832
  unos: 88794
  otra: 83901
  vosotros: 61617
  mios: 58420
  tuya: 56635

EXECUTION_TIME=10.963288
