
===== RESULTADOS MPI v2 (dynamic master-worker) =====

Procesos utilizados: 4
Tamano de chunk: 25 archivos
Archivos procesados: 3000 de 3000
Total de tokens leidos: 44951458
Total de ocurrencias encontradas: 3631778

Tiempos por proceso:
  Proceso 0 (master): 1300 archivos | 7.240874 s
  Proceso 1 (worker): 575 archivos | 7.353536 s
  Proceso 2 (worker): 575 archivos | 7.393465 s
  Proceso 3 (worker): 550 archivos | 7.251657 s

Load balance: t_min=7.240874 s | t_max=7.393465 s | t_avg=7.309883 s | imbalance=2.06%

Tiempo total MPI v2: 7.382994 s

Top 10 palabras:
  a: 785774
  para: 392156
  sus: 228913
  otros: 105530
  ante: 99832
  unos: 88794
  otra: 83901
  vosotros: 61617
  mios: 58420
  tuya: 56635

EXECUTION_TIME=7.382994
